---
source: instructions/src/distance/spoken_distance.rs
description: Testing fixed distance conversions
expression: test_cases
---
[
    (
        0.0,
        "one eighth meters",
        "one eighth feet",
    ),
    (
        1.0,
        "one eighth meter",
        "one eighth feet",
    ),
    (
        10.0,
        "one eighth meters",
        "fifty feet",
    ),
    (
        100.0,
        "one hundred meters",
        "three hundred fifty feet",
    ),
    (
        500.0,
        "one half kilometers",
        "one quarter mile",
    ),
    (
        999.0,
        "one kilometers",
        "one half mile",
    ),
]
