---
source: src/osrm/utilities.rs
expression: annotations
---
[
    Some(
        Annotation {
            distance: None,
            duration: Some(
                [
                    31.538,
                    2.148,
                    3.179,
                    5.561,
                    6.678,
                ],
            ),
            datasources: None,
            nodes: None,
            weight: None,
            speed: Some(
                [
                    9.7,
                    9.7,
                    9.7,
                    9.7,
                    9.7,
                ],
            ),
            maxspeed: Some(
                [
                    MaxSpeed {
                        speed: None,
                        unit: None,
                        unknown: Some(
                            true,
                        ),
                        none: None,
                    },
                    MaxSpeed {
                        speed: None,
                        unit: None,
                        unknown: Some(
                            true,
                        ),
                        none: None,
                    },
                    MaxSpeed {
                        speed: None,
                        unit: None,
                        unknown: Some(
                            true,
                        ),
                        none: None,
                    },
                    MaxSpeed {
                        speed: None,
                        unit: None,
                        unknown: Some(
                            true,
                        ),
                        none: None,
                    },
                    MaxSpeed {
                        speed: None,
                        unit: None,
                        unknown: Some(
                            true,
                        ),
                        none: None,
                    },
                ],
            ),
            metadata: None,
        },
    ),
    Some(
        Annotation {
            distance: None,
            duration: Some(
                [
                    0.396,
                    1.563,
                    3.485,
                    1.562,
                    1.926,
                    3.478,
                    2.141,
                    6.496,
                ],
            ),
            datasources: None,
            nodes: None,
            weight: None,
            speed: Some(
                [
                    11.1,
                    13.9,
                    13.9,
                    13.9,
                    13.9,
                    13.9,
                    13.9,
                    13.9,
                ],
            ),
            maxspeed: Some(
                [
                    MaxSpeed {
                        speed: Some(
                            40,
                        ),
                        unit: Some(
                            KmSlashH,
                        ),
                        unknown: None,
                        none: None,
                    },
                    MaxSpeed {
                        speed: None,
                        unit: None,
                        unknown: Some(
                            true,
                        ),
                        none: None,
                    },
                    MaxSpeed {
                        speed: None,
                        unit: None,
                        unknown: Some(
                            true,
                        ),
                        none: None,
                    },
                    MaxSpeed {
                        speed: None,
                        unit: None,
                        unknown: Some(
                            true,
                        ),
                        none: None,
                    },
                    MaxSpeed {
                        speed: None,
                        unit: None,
                        unknown: Some(
                            true,
                        ),
                        none: None,
                    },
                    MaxSpeed {
                        speed: None,
                        unit: None,
                        unknown: Some(
                            true,
                        ),
                        none: None,
                    },
                    MaxSpeed {
                        speed: None,
                        unit: None,
                        unknown: Some(
                            true,
                        ),
                        none: None,
                    },
                    MaxSpeed {
                        speed: None,
                        unit: None,
                        unknown: Some(
                            true,
                        ),
                        none: None,
                    },
                ],
            ),
            metadata: None,
        },
    ),
    Some(
        Annotation {
            distance: None,
            duration: Some(
                [
                    7.469,
                    2.939,
                    2.757,
                    5.927,
                    1.7,
                    0.95,
                    2.988,
                    1.864,
                    1.797,
                    2.502,
                    1.299,
                    3.361,
                    2.139,
                    3.171,
                    3.125,
                    1.968,
                    2.02,
                    2.221,
                    1.923,
                    1.59,
                    3.302,
                    3.515,
                    6.218,
                    1.528,
                    3.601,
                    7.99,
                    3.635,
                    4.484,
                    3.638,
                    3.827,
                    4.315,
                    7.674,
                    4.798,
                    18.037,
                    3.58,
                    5.661,
                    6.47,
                    9.85,
                    3.993,
                    13.742,
                    1.381,
                    9.257,
                    6.808,
                    3.429,
                    3.896,
                    1.879,
                    3.924,
                    11.418,
                    1.306,
                    0.931,
                    1.603,
                    0.684,
                    0.637,
                    0.872,
                ],
            ),
            datasources: None,
            nodes: None,
            weight: None,
            speed: Some(
                [
                    24.7,
                    24.7,
                    24.7,
                    24.7,
                    24.7,
                    33.6,
                    33.6,
                    33.6,
                    33.6,
                    33.6,
                    33.6,
                    33.6,
                    33.6,
                    33.6,
                    33.6,
                    33.6,
                    33.6,
                    33.6,
                    33.6,
                    33.6,
                    33.6,
                    33.6,
                    33.6,
                    33.6,
                    33.6,
                    33.6,
                    33.6,
                    33.6,
                    33.6,
                    33.6,
                    33.6,
                    33.6,
                    33.6,
                    33.6,
                    33.6,
                    33.6,
                    33.6,
                    33.6,
                    33.6,
                    33.6,
                    33.6,
                    33.6,
                    33.6,
                    33.6,
                    33.6,
                    33.6,
                    33.6,
                    33.6,
                    33.6,
                    33.6,
                    33.6,
                    33.6,
                    33.6,
                    33.6,
                ],
            ),
            maxspeed: Some(
                [
                    MaxSpeed {
                        speed: None,
                        unit: None,
                        unknown: Some(
                            true,
                        ),
                        none: None,
                    },
                    MaxSpeed {
                        speed: None,
                        unit: None,
                        unknown: Some(
                            true,
                        ),
                        none: None,
                    },
                    MaxSpeed {
                        speed: None,
                        unit: None,
                        unknown: Some(
                            true,
                        ),
                        none: None,
                    },
                    MaxSpeed {
                        speed: None,
                        unit: None,
                        unknown: Some(
                            true,
                        ),
                        none: None,
                    },
                    MaxSpeed {
                        speed: None,
                        unit: None,
                        unknown: Some(
                            true,
                        ),
                        none: None,
                    },
                    MaxSpeed {
                        speed: Some(
                            121,
                        ),
                        unit: Some(
                            KmSlashH,
                        ),
                        unknown: None,
                        none: None,
                    },
                    MaxSpeed {
                        speed: Some(
                            121,
                        ),
                        unit: Some(
                            KmSlashH,
                        ),
                        unknown: None,
                        none: None,
                    },
                    MaxSpeed {
                        speed: Some(
                            121,
                        ),
                        unit: Some(
                            KmSlashH,
                        ),
                        unknown: None,
                        none: None,
                    },
                    MaxSpeed {
                        speed: Some(
                            121,
                        ),
                        unit: Some(
                            KmSlashH,
                        ),
                        unknown: None,
                        none: None,
                    },
                    MaxSpeed {
                        speed: Some(
                            121,
                        ),
                        unit: Some(
                            KmSlashH,
                        ),
                        unknown: None,
                        none: None,
                    },
                    MaxSpeed {
                        speed: Some(
                            121,
                        ),
                        unit: Some(
                            KmSlashH,
                        ),
                        unknown: None,
                        none: None,
                    },
                    MaxSpeed {
                        speed: Some(
                            121,
                        ),
                        unit: Some(
                            KmSlashH,
                        ),
                        unknown: None,
                        none: None,
                    },
                    MaxSpeed {
                        speed: Some(
                            121,
                        ),
                        unit: Some(
                            KmSlashH,
                        ),
                        unknown: None,
                        none: None,
                    },
                    MaxSpeed {
                        speed: Some(
                            121,
                        ),
                        unit: Some(
                            KmSlashH,
                        ),
                        unknown: None,
                        none: None,
                    },
                    MaxSpeed {
                        speed: Some(
                            121,
                        ),
                        unit: Some(
                            KmSlashH,
                        ),
                        unknown: None,
                        none: None,
                    },
                    MaxSpeed {
                        speed: Some(
                            121,
                        ),
                        unit: Some(
                            KmSlashH,
                        ),
                        unknown: None,
                        none: None,
                    },
                    MaxSpeed {
                        speed: Some(
                            121,
                        ),
                        unit: Some(
                            KmSlashH,
                        ),
                        unknown: None,
                        none: None,
                    },
                    MaxSpeed {
                        speed: Some(
                            121,
                        ),
                        unit: Some(
                            KmSlashH,
                        ),
                        unknown: None,
                        none: None,
                    },
                    MaxSpeed {
                        speed: Some(
                            121,
                        ),
                        unit: Some(
                            KmSlashH,
                        ),
                        unknown: None,
                        none: None,
                    },
                    MaxSpeed {
                        speed: Some(
                            121,
                        ),
                        unit: Some(
                            KmSlashH,
                        ),
                        unknown: None,
                        none: None,
                    },
                    MaxSpeed {
                        speed: Some(
                            121,
                        ),
                        unit: Some(
                            KmSlashH,
                        ),
                        unknown: None,
                        none: None,
                    },
                    MaxSpeed {
                        speed: Some(
                            121,
                        ),
                        unit: Some(
                            KmSlashH,
                        ),
                        unknown: None,
                        none: None,
                    },
                    MaxSpeed {
                        speed: Some(
                            121,
                        ),
                        unit: Some(
                            KmSlashH,
                        ),
                        unknown: None,
                        none: None,
                    },
                    MaxSpeed {
                        speed: Some(
                            121,
                        ),
                        unit: Some(
                            KmSlashH,
                        ),
                        unknown: None,
                        none: None,
                    },
                    MaxSpeed {
                        speed: Some(
                            121,
                        ),
                        unit: Some(
                            KmSlashH,
                        ),
                        unknown: None,
                        none: None,
                    },
                    MaxSpeed {
                        speed: Some(
                            121,
                        ),
                        unit: Some(
                            KmSlashH,
                        ),
                        unknown: None,
                        none: None,
                    },
                    MaxSpeed {
                        speed: Some(
                            121,
                        ),
                        unit: Some(
                            KmSlashH,
                        ),
                        unknown: None,
                        none: None,
                    },
                    MaxSpeed {
                        speed: Some(
                            121,
                        ),
                        unit: Some(
                            KmSlashH,
                        ),
                        unknown: None,
                        none: None,
                    },
                    MaxSpeed {
                        speed: Some(
                            121,
                        ),
                        unit: Some(
                            KmSlashH,
                        ),
                        unknown: None,
                        none: None,
                    },
                    MaxSpeed {
                        speed: Some(
                            121,
                        ),
                        unit: Some(
                            KmSlashH,
                        ),
                        unknown: None,
                        none: None,
                    },
                    MaxSpeed {
                        speed: Some(
                            121,
                        ),
                        unit: Some(
                            KmSlashH,
                        ),
                        unknown: None,
                        none: None,
                    },
                    MaxSpeed {
                        speed: Some(
                            121,
                        ),
                        unit: Some(
                            KmSlashH,
                        ),
                        unknown: None,
                        none: None,
                    },
                    MaxSpeed {
                        speed: Some(
                            121,
                        ),
                        unit: Some(
                            KmSlashH,
                        ),
                        unknown: None,
                        none: None,
                    },
                    MaxSpeed {
                        speed: Some(
                            121,
                        ),
                        unit: Some(
                            KmSlashH,
                        ),
                        unknown: None,
                        none: None,
                    },
                    MaxSpeed {
                        speed: Some(
                            121,
                        ),
                        unit: Some(
                            KmSlashH,
                        ),
                        unknown: None,
                        none: None,
                    },
                    MaxSpeed {
                        speed: Some(
                            121,
                        ),
                        unit: Some(
                            KmSlashH,
                        ),
                        unknown: None,
                        none: None,
                    },
                    MaxSpeed {
                        speed: Some(
                            121,
                        ),
                        unit: Some(
                            KmSlashH,
                        ),
                        unknown: None,
                        none: None,
                    },
                    MaxSpeed {
                        speed: Some(
                            121,
                        ),
                        unit: Some(
                            KmSlashH,
                        ),
                        unknown: None,
                        none: None,
                    },
                    MaxSpeed {
                        speed: Some(
                            121,
                        ),
                        unit: Some(
                            KmSlashH,
                        ),
                        unknown: None,
                        none: None,
                    },
                    MaxSpeed {
                        speed: Some(
                            121,
                        ),
                        unit: Some(
                            KmSlashH,
                        ),
                        unknown: None,
                        none: None,
                    },
                    MaxSpeed {
                        speed: Some(
                            121,
                        ),
                        unit: Some(
                            KmSlashH,
                        ),
                        unknown: None,
                        none: None,
                    },
                    MaxSpeed {
                        speed: Some(
                            121,
                        ),
                        unit: Some(
                            KmSlashH,
                        ),
                        unknown: None,
                        none: None,
                    },
                    MaxSpeed {
                        speed: Some(
                            121,
                        ),
                        unit: Some(
                            KmSlashH,
                        ),
                        unknown: None,
                        none: None,
                    },
                    MaxSpeed {
                        speed: Some(
                            121,
                        ),
                        unit: Some(
                            KmSlashH,
                        ),
                        unknown: None,
                        none: None,
                    },
                    MaxSpeed {
                        speed: Some(
                            121,
                        ),
                        unit: Some(
                            KmSlashH,
                        ),
                        unknown: None,
                        none: None,
                    },
                    MaxSpeed {
                        speed: Some(
                            121,
                        ),
                        unit: Some(
                            KmSlashH,
                        ),
                        unknown: None,
                        none: None,
                    },
                    MaxSpeed {
                        speed: Some(
                            121,
                        ),
                        unit: Some(
                            KmSlashH,
                        ),
                        unknown: None,
                        none: None,
                    },
                    MaxSpeed {
                        speed: Some(
                            121,
                        ),
                        unit: Some(
                            KmSlashH,
                        ),
                        unknown: None,
                        none: None,
                    },
                    MaxSpeed {
                        speed: Some(
                            121,
                        ),
                        unit: Some(
                            KmSlashH,
                        ),
                        unknown: None,
                        none: None,
                    },
                    MaxSpeed {
                        speed: Some(
                            121,
                        ),
                        unit: Some(
                            KmSlashH,
                        ),
                        unknown: None,
                        none: None,
                    },
                    MaxSpeed {
                        speed: Some(
                            121,
                        ),
                        unit: Some(
                            KmSlashH,
                        ),
                        unknown: None,
                        none: None,
                    },
                    MaxSpeed {
                        speed: Some(
                            121,
                        ),
                        unit: Some(
                            KmSlashH,
                        ),
                        unknown: None,
                        none: None,
                    },
                    MaxSpeed {
                        speed: Some(
                            121,
                        ),
                        unit: Some(
                            KmSlashH,
                        ),
                        unknown: None,
                        none: None,
                    },
                    MaxSpeed {
                        speed: Some(
                            121,
                        ),
                        unit: Some(
                            KmSlashH,
                        ),
                        unknown: None,
                        none: None,
                    },
                ],
            ),
            metadata: None,
        },
    ),
    Some(
        Annotation {
            distance: None,
            duration: Some(
                [
                    1.385,
                    0.816,
                    0.688,
                    0.847,
                    0.887,
                    1.603,
                    1.856,
                    2.089,
                    4.359,
                    5.651,
                    0.845,
                    0.74,
                    0.779,
                    0.756,
                    0.715,
                    0.579,
                    0.56,
                    0.687,
                    0.61,
                    0.668,
                    0.61,
                    0.765,
                    0.538,
                    0.554,
                    0.601,
                    0.646,
                    0.423,
                    0.329,
                    0.437,
                    0.579,
                    0.673,
                    0.634,
                    1.928,
                    2.111,
                    0.767,
                    0.627,
                    0.638,
                    0.613,
                    0.486,
                    0.974,
                    0.878,
                    0.762,
                    1.506,
                    1.652,
                    2.354,
                    1.112,
                    1.392,
                    0.95,
                    1.015,
                    1.044,
                    0.406,
                    1.333,
                    1.322,
                    2.506,
                    2.32,
                    0.346,
                    0.41,
                    2.693,
                    1.615,
                    2.606,
                    2.38,
                    1.491,
                    2.205,
                    2.784,
                    1.282,
                    1.02,
                    1.476,
                    2.586,
                    14.647,
                    1.256,
                ],
            ),
            datasources: None,
            nodes: None,
            weight: None,
            speed: Some(
                [
                    24.7,
                    24.7,
                    24.7,
                    24.7,
                    24.7,
                    24.7,
                    24.7,
                    24.7,
                    24.7,
                    24.7,
                    24.7,
                    24.7,
                    24.7,
                    24.7,
                    24.7,
                    24.7,
                    24.7,
                    24.7,
                    24.7,
                    24.7,
                    24.7,
                    24.7,
                    24.7,
                    24.7,
                    24.7,
                    24.7,
                    24.7,
                    24.7,
                    24.7,
                    24.7,
                    24.7,
                    24.7,
                    24.7,
                    24.7,
                    24.7,
                    24.7,
                    24.7,
                    24.7,
                    24.7,
                    24.7,
                    24.7,
                    24.7,
                    24.7,
                    24.7,
                    24.7,
                    24.7,
                    24.7,
                    24.7,
                    24.7,
                    24.7,
                    24.7,
                    24.7,
                    24.7,
                    24.7,
                    24.7,
                    24.7,
                    20.0,
                    20.0,
                    20.0,
                    20.0,
                    20.0,
                    20.0,
                    20.0,
                    20.0,
                    20.0,
                    20.0,
                    20.0,
                    20.0,
                    20.0,
                    20.0,
                ],
            ),
            maxspeed: Some(
                [
                    MaxSpeed {
                        speed: None,
                        unit: None,
                        unknown: Some(
                            true,
                        ),
                        none: None,
                    },
                    MaxSpeed {
                        speed: None,
                        unit: None,
                        unknown: Some(
                            true,
                        ),
                        none: None,
                    },
                    MaxSpeed {
                        speed: None,
                        unit: None,
                        unknown: Some(
                            true,
                        ),
                        none: None,
                    },
                    MaxSpeed {
                        speed: None,
                        unit: None,
                        unknown: Some(
                            true,
                        ),
                        none: None,
                    },
                    MaxSpeed {
                        speed: None,
                        unit: None,
                        unknown: Some(
                            true,
                        ),
                        none: None,
                    },
                    MaxSpeed {
                        speed: None,
                        unit: None,
                        unknown: Some(
                            true,
                        ),
                        none: None,
                    },
                    MaxSpeed {
                        speed: None,
                        unit: None,
                        unknown: Some(
                            true,
                        ),
                        none: None,
                    },
                    MaxSpeed {
                        speed: None,
                        unit: None,
                        unknown: Some(
                            true,
                        ),
                        none: None,
                    },
                    MaxSpeed {
                        speed: None,
                        unit: None,
                        unknown: Some(
                            true,
                        ),
                        none: None,
                    },
                    MaxSpeed {
                        speed: None,
                        unit: None,
                        unknown: Some(
                            true,
                        ),
                        none: None,
                    },
                    MaxSpeed {
                        speed: None,
                        unit: None,
                        unknown: Some(
                            true,
                        ),
                        none: None,
                    },
                    MaxSpeed {
                        speed: None,
                        unit: None,
                        unknown: Some(
                            true,
                        ),
                        none: None,
                    },
                    MaxSpeed {
                        speed: None,
                        unit: None,
                        unknown: Some(
                            true,
                        ),
                        none: None,
                    },
                    MaxSpeed {
                        speed: None,
                        unit: None,
                        unknown: Some(
                            true,
                        ),
                        none: None,
                    },
                    MaxSpeed {
                        speed: None,
                        unit: None,
                        unknown: Some(
                            true,
                        ),
                        none: None,
                    },
                    MaxSpeed {
                        speed: None,
                        unit: None,
                        unknown: Some(
                            true,
                        ),
                        none: None,
                    },
                    MaxSpeed {
                        speed: None,
                        unit: None,
                        unknown: Some(
                            true,
                        ),
                        none: None,
                    },
                    MaxSpeed {
                        speed: None,
                        unit: None,
                        unknown: Some(
                            true,
                        ),
                        none: None,
                    },
                    MaxSpeed {
                        speed: None,
                        unit: None,
                        unknown: Some(
                            true,
                        ),
                        none: None,
                    },
                    MaxSpeed {
                        speed: None,
                        unit: None,
                        unknown: Some(
                            true,
                        ),
                        none: None,
                    },
                    MaxSpeed {
                        speed: None,
                        unit: None,
                        unknown: Some(
                            true,
                        ),
                        none: None,
                    },
                    MaxSpeed {
                        speed: None,
                        unit: None,
                        unknown: Some(
                            true,
                        ),
                        none: None,
                    },
                    MaxSpeed {
                        speed: None,
                        unit: None,
                        unknown: Some(
                            true,
                        ),
                        none: None,
                    },
                    MaxSpeed {
                        speed: None,
                        unit: None,
                        unknown: Some(
                            true,
                        ),
                        none: None,
                    },
                    MaxSpeed {
                        speed: None,
                        unit: None,
                        unknown: Some(
                            true,
                        ),
                        none: None,
                    },
                    MaxSpeed {
                        speed: None,
                        unit: None,
                        unknown: Some(
                            true,
                        ),
                        none: None,
                    },
                    MaxSpeed {
                        speed: None,
                        unit: None,
                        unknown: Some(
                            true,
                        ),
                        none: None,
                    },
                    MaxSpeed {
                        speed: None,
                        unit: None,
                        unknown: Some(
                            true,
                        ),
                        none: None,
                    },
                    MaxSpeed {
                        speed: None,
                        unit: None,
                        unknown: Some(
                            true,
                        ),
                        none: None,
                    },
                    MaxSpeed {
                        speed: None,
                        unit: None,
                        unknown: Some(
                            true,
                        ),
                        none: None,
                    },
                    MaxSpeed {
                        speed: None,
                        unit: None,
                        unknown: Some(
                            true,
                        ),
                        none: None,
                    },
                    MaxSpeed {
                        speed: None,
                        unit: None,
                        unknown: Some(
                            true,
                        ),
                        none: None,
                    },
                    MaxSpeed {
                        speed: None,
                        unit: None,
                        unknown: Some(
                            true,
                        ),
                        none: None,
                    },
                    MaxSpeed {
                        speed: None,
                        unit: None,
                        unknown: Some(
                            true,
                        ),
                        none: None,
                    },
                    MaxSpeed {
                        speed: None,
                        unit: None,
                        unknown: Some(
                            true,
                        ),
                        none: None,
                    },
                    MaxSpeed {
                        speed: None,
                        unit: None,
                        unknown: Some(
                            true,
                        ),
                        none: None,
                    },
                    MaxSpeed {
                        speed: None,
                        unit: None,
                        unknown: Some(
                            true,
                        ),
                        none: None,
                    },
                    MaxSpeed {
                        speed: None,
                        unit: None,
                        unknown: Some(
                            true,
                        ),
                        none: None,
                    },
                    MaxSpeed {
                        speed: None,
                        unit: None,
                        unknown: Some(
                            true,
                        ),
                        none: None,
                    },
                    MaxSpeed {
                        speed: None,
                        unit: None,
                        unknown: Some(
                            true,
                        ),
                        none: None,
                    },
                    MaxSpeed {
                        speed: Some(
                            89,
                        ),
                        unit: Some(
                            KmSlashH,
                        ),
                        unknown: None,
                        none: None,
                    },
                    MaxSpeed {
                        speed: Some(
                            89,
                        ),
                        unit: Some(
                            KmSlashH,
                        ),
                        unknown: None,
                        none: None,
                    },
                    MaxSpeed {
                        speed: Some(
                            89,
                        ),
                        unit: Some(
                            KmSlashH,
                        ),
                        unknown: None,
                        none: None,
                    },
                    MaxSpeed {
                        speed: Some(
                            89,
                        ),
                        unit: Some(
                            KmSlashH,
                        ),
                        unknown: None,
                        none: None,
                    },
                    MaxSpeed {
                        speed: Some(
                            89,
                        ),
                        unit: Some(
                            KmSlashH,
                        ),
                        unknown: None,
                        none: None,
                    },
                    MaxSpeed {
                        speed: Some(
                            89,
                        ),
                        unit: Some(
                            KmSlashH,
                        ),
                        unknown: None,
                        none: None,
                    },
                    MaxSpeed {
                        speed: Some(
                            89,
                        ),
                        unit: Some(
                            KmSlashH,
                        ),
                        unknown: None,
                        none: None,
                    },
                    MaxSpeed {
                        speed: Some(
                            89,
                        ),
                        unit: Some(
                            KmSlashH,
                        ),
                        unknown: None,
                        none: None,
                    },
                    MaxSpeed {
                        speed: Some(
                            89,
                        ),
                        unit: Some(
                            KmSlashH,
                        ),
                        unknown: None,
                        none: None,
                    },
                    MaxSpeed {
                        speed: Some(
                            89,
                        ),
                        unit: Some(
                            KmSlashH,
                        ),
                        unknown: None,
                        none: None,
                    },
                    MaxSpeed {
                        speed: Some(
                            89,
                        ),
                        unit: Some(
                            KmSlashH,
                        ),
                        unknown: None,
                        none: None,
                    },
                    MaxSpeed {
                        speed: Some(
                            89,
                        ),
                        unit: Some(
                            KmSlashH,
                        ),
                        unknown: None,
                        none: None,
                    },
                    MaxSpeed {
                        speed: Some(
                            89,
                        ),
                        unit: Some(
                            KmSlashH,
                        ),
                        unknown: None,
                        none: None,
                    },
                    MaxSpeed {
                        speed: Some(
                            89,
                        ),
                        unit: Some(
                            KmSlashH,
                        ),
                        unknown: None,
                        none: None,
                    },
                    MaxSpeed {
                        speed: Some(
                            89,
                        ),
                        unit: Some(
                            KmSlashH,
                        ),
                        unknown: None,
                        none: None,
                    },
                    MaxSpeed {
                        speed: Some(
                            89,
                        ),
                        unit: Some(
                            KmSlashH,
                        ),
                        unknown: None,
                        none: None,
                    },
                    MaxSpeed {
                        speed: Some(
                            72,
                        ),
                        unit: Some(
                            KmSlashH,
                        ),
                        unknown: None,
                        none: None,
                    },
                    MaxSpeed {
                        speed: Some(
                            72,
                        ),
                        unit: Some(
                            KmSlashH,
                        ),
                        unknown: None,
                        none: None,
                    },
                    MaxSpeed {
                        speed: Some(
                            72,
                        ),
                        unit: Some(
                            KmSlashH,
                        ),
                        unknown: None,
                        none: None,
                    },
                    MaxSpeed {
                        speed: Some(
                            72,
                        ),
                        unit: Some(
                            KmSlashH,
                        ),
                        unknown: None,
                        none: None,
                    },
                    MaxSpeed {
                        speed: Some(
                            72,
                        ),
                        unit: Some(
                            KmSlashH,
                        ),
                        unknown: None,
                        none: None,
                    },
                    MaxSpeed {
                        speed: Some(
                            72,
                        ),
                        unit: Some(
                            KmSlashH,
                        ),
                        unknown: None,
                        none: None,
                    },
                    MaxSpeed {
                        speed: Some(
                            72,
                        ),
                        unit: Some(
                            KmSlashH,
                        ),
                        unknown: None,
                        none: None,
                    },
                    MaxSpeed {
                        speed: Some(
                            72,
                        ),
                        unit: Some(
                            KmSlashH,
                        ),
                        unknown: None,
                        none: None,
                    },
                    MaxSpeed {
                        speed: Some(
                            72,
                        ),
                        unit: Some(
                            KmSlashH,
                        ),
                        unknown: None,
                        none: None,
                    },
                    MaxSpeed {
                        speed: Some(
                            72,
                        ),
                        unit: Some(
                            KmSlashH,
                        ),
                        unknown: None,
                        none: None,
                    },
                    MaxSpeed {
                        speed: Some(
                            72,
                        ),
                        unit: Some(
                            KmSlashH,
                        ),
                        unknown: None,
                        none: None,
                    },
                    MaxSpeed {
                        speed: Some(
                            72,
                        ),
                        unit: Some(
                            KmSlashH,
                        ),
                        unknown: None,
                        none: None,
                    },
                    MaxSpeed {
                        speed: Some(
                            72,
                        ),
                        unit: Some(
                            KmSlashH,
                        ),
                        unknown: None,
                        none: None,
                    },
                    MaxSpeed {
                        speed: Some(
                            72,
                        ),
                        unit: Some(
                            KmSlashH,
                        ),
                        unknown: None,
                        none: None,
                    },
                ],
            ),
            metadata: None,
        },
    ),
    Some(
        Annotation {
            distance: None,
            duration: Some(
                [
                    1.196,
                    2.756,
                    5.254,
                    0.292,
                    4.938,
                    5.361,
                    3.165,
                ],
            ),
            datasources: None,
            nodes: None,
            weight: None,
            speed: Some(
                [
                    17.8,
                    17.8,
                    17.8,
                    17.8,
                    17.8,
                    17.8,
                    17.8,
                ],
            ),
            maxspeed: Some(
                [
                    MaxSpeed {
                        speed: Some(
                            64,
                        ),
                        unit: Some(
                            KmSlashH,
                        ),
                        unknown: None,
                        none: None,
                    },
                    MaxSpeed {
                        speed: Some(
                            64,
                        ),
                        unit: Some(
                            KmSlashH,
                        ),
                        unknown: None,
                        none: None,
                    },
                    MaxSpeed {
                        speed: Some(
                            64,
                        ),
                        unit: Some(
                            KmSlashH,
                        ),
                        unknown: None,
                        none: None,
                    },
                    MaxSpeed {
                        speed: Some(
                            64,
                        ),
                        unit: Some(
                            KmSlashH,
                        ),
                        unknown: None,
                        none: None,
                    },
                    MaxSpeed {
                        speed: Some(
                            64,
                        ),
                        unit: Some(
                            KmSlashH,
                        ),
                        unknown: None,
                        none: None,
                    },
                    MaxSpeed {
                        speed: Some(
                            64,
                        ),
                        unit: Some(
                            KmSlashH,
                        ),
                        unknown: None,
                        none: None,
                    },
                    MaxSpeed {
                        speed: Some(
                            64,
                        ),
                        unit: Some(
                            KmSlashH,
                        ),
                        unknown: None,
                        none: None,
                    },
                ],
            ),
            metadata: None,
        },
    ),
    None,
]
