---
source: src/instructions/voice_instructions.rs
expression: metric
---
[
  {
    "distanceAlongGeometry": 1515.08,
    "announcement": "Continue on Southeast 60th Avenue for two kilometers"
  },
  {
    "distanceAlongGeometry": 250.0,
    "announcement": "In one quarter kilometers, turn left onto southeast stark street."
  },
  {
    "distanceAlongGeometry": 70.0,
    "announcement": "Turn left onto Southeast Stark Street. Then Turn right onto Southeast 60th Avenue."
  }
]
