---
source: src/instructions/banner_instruction.rs
expression: factory.build()
---
[
  {
    "distanceAlongGeometry": 0.0,
    "primary": {
      "text": "Arrive",
      "type": "arrive",
      "components": [
        {
          "text": "Arrive",
          "type": "text"
        }
      ]
    }
  }
]
