---
source: instructions/src/instructions/banner_instruction.rs
expression: factory.make()
---
[
  {
    "distanceAlongGeometry": 0.0,
    "primary": {
      "text": "Main Street",
      "type": "merge",
      "modifier": "slight left",
      "components": [
        {
          "text": "Main Street",
          "type": "text"
        }
      ]
    }
  }
]
