---
source: instructions/src/instructions/voice_instructions.rs
expression: metric
---
[
  {
    "distanceAlongGeometry": 7116.76,
    "announcement": "Continue on I 70 for seven kilometers"
  },
  {
    "distanceAlongGeometry": 2000.0,
    "announcement": "In two kilometers, take exit 37 onto i 70 business loop/us 6/us 50 toward clifton/grand junction/delta."
  },
  {
    "distanceAlongGeometry": 500.0,
    "announcement": "In one half kilometers, take exit 37 onto i 70 business loop/us 6/us 50 toward clifton/grand junction/delta."
  },
  {
    "distanceAlongGeometry": 150.0,
    "announcement": "Take exit 37 onto I 70 Business Loop/US 6/US 50 toward Clifton/Grand Junction/Delta."
  }
]
